// Jest Snapshot v1, https://goo.gl/fbAQLP

exports[`Category it at renders and matches snapshot 1`] = `
<div
  className="Category"
>
  bar
</div>
`;
